// Jest Snapshot v1, https://goo.gl/fbAQLP

exports[`temperature diagram with 11-day data 1`] = `
<div>
  <div
    data-testid="temperature-diagram"
    style=""
  >
    <h3>
      Temperature
    </h3>
    <div
      style="height: 300px;"
    >
      <div
        style="width: 100%; height: 100%;"
      />
    </div>
  </div>
</div>
`;
