// Jest Snapshot v1, https://goo.gl/fbAQLP

exports[`hoc no render when data is not available 1`] = `<div />`;
