// Jest Snapshot v1, https://goo.gl/fbAQLP

exports[`humidity diagram with 11-day data 1`] = `
<div>
  <div
    class="bx--col"
  >
    <div
      class="bx--tile"
    >
      <div
        data-testid="humidity-diagram"
      >
        <h3>
          <svg
            aria-hidden="true"
            fill="currentColor"
            focusable="false"
            height="32"
            preserveAspectRatio="xMidYMid meet"
            viewBox="0 0 32 32"
            width="32"
            xmlns="http://www.w3.org/2000/svg"
          >
            <path
              d="M23.4761,13.9932,16.8472,3.4365a1.04,1.04,0,0,0-1.6944,0L8.4941,14.0444A9.9861,9.9861,0,0,0,7,19a9,9,0,0,0,18,0A10.0632,10.0632,0,0,0,23.4761,13.9932ZM16,26.0005a7.0089,7.0089,0,0,1-7-7,7.978,7.978,0,0,1,1.2183-3.9438l.935-1.4888L21.2271,23.6411A6.9772,6.9772,0,0,1,16,26.0005Z"
            />
          </svg>
          Humidity
        </h3>
        <div
          class="diagram"
          style="height: 300px;"
        >
          <div
            style="width: 100%; height: 100%;"
          />
        </div>
      </div>
    </div>
  </div>
</div>
`;
